<html>
<body>
<pre>
<h1>µVision Build Log</h1>
<h2>Tool Versions:</h2>
IDE-Version: ¦ÌVision V5.33.0.0
Copyright (C) 2020 ARM Ltd and ARM Germany GmbH. All rights reserved.
License Information: 1 490754775@qq.com, 11, LIC=6XJT4-F4W04-35WTX-HTCWP-ZZPPJ-FJW69
 
Tool Versions:
Toolchain:       MDK-ARM Professional  Version: 5.33.0.0
Toolchain Path:  D:\keil_5.33\ARM\ARMCLANG\Bin
C Compiler:      ArmClang.exe V6.15
Assembler:       Armasm.exe V6.15
Linker/Locator:  ArmLink.exe V6.15
Library Manager: ArmAr.exe V6.15
Hex Converter:   FromElf.exe V6.15
CPU DLL:         SARMCM3.DLL V5.33.0.0
Dialog DLL:      DCM.DLL V1.17.3.0
Target DLL:      CMSIS_AGDI.dll V1.32.12.0
Dialog DLL:      TCM.DLL V1.48.0.0
 
<h2>Project:</h2>
e:\jhm files\github-repository\BaiduAI_Car\RT1064\Project\MDK\RT106X.uvprojx
Project File Date:  03/19/2024

<h2>Output:</h2>
*** Using Compiler 'V6.15', folder: 'D:\keil_5.33\ARM\ARMCLANG\Bin'
Build target 'nor_sdram_zf_dtcm_v6'
Note: source file '..\CODE\common.c' - object file renamed from '.\Objects\common.o' to '.\Objects\common_1.o'.
compiling zf_adc.c...
compiling board.c...
compiling zf_csi.c...
compiling zf_flash.c...
compiling zf_iic.c...
compiling zf_pwm.c...
compiling zf_camera.c...
compiling zf_vector.c...
compiling zf_uart.c...
compiling zf_sdcard.c...
compiling zf_pit.c...
compiling zf_gpio.c...
compiling zf_iomuxc.c...
compiling zf_spi.c...
compiling zf_systick.c...
compiling SEEKFREE_PRINTF.c...
compiling zf_qtimer.c...
compiling zf_usb_cdc.c...
compiling SEEKFREE_IIC.c...
compiling SEEKFREE_FONT.c...
compiling SEEKFREE_MMA8451.c...
compiling SEEKFREE_L3G4200D.c...
compiling SEEKFREE_FUN.c...
compiling SEEKFREE_ICM20602.c...
compiling SEEKFREE_WIRELESS.c...
compiling SEEKFREE_MPU6050.c...
compiling SEEKFREE_VIRSCO.c...
compiling SEEKFREE_NRF24L01.c...
compiling SEEKFREE_18TFT.c...
compiling SEEKFREE_OLED.c...
compiling SEEKFREE_MT9V03X_CSI.c...
compiling SEEKFREE_MT9V03X.c...
compiling SEEKFREE_SCC8660.c...
compiling SEEKFREE_BLUETOOTH_CH9141.c...
compiling isr.c...
compiling main.c...
compiling SEEKFREE_SCC8660_CSI.c...
compiling SEEKFREE_IMU963RA.c...
compiling common.c...
compiling SEEKFREE_IPS114_SPI.c...
compiling SEEKFREE_GPS_TAU1201.c...
compiling SEEKFREE_IPS200.c...
compiling uart1_usb.c...
compiling encoder.c...
compiling motor.c...
compiling servo.c...
compiling pid.c...
compiling timer_pit.c...
compiling icar.c...
compiling debug.c...
compiling gpio.c...
linking...
Program Size: Code=70288 RO-data=7732 RW-data=320 ZI-data=459456  
".\Objects\RT106X.axf" - 0 Error(s), 0 Warning(s).

<h2>Software Packages used:</h2>

Package Vendor: NXP
                https://mcuxpresso.nxp.com/cmsis_pack/repo/NXP.MIMXRT1064_DFP.15.0.0.pack
                NXP.MIMXRT1064_DFP.15.0.0
                Device Family Pack for MIMXRT1064

<h2>Collection of Component include folders:</h2>
  D:\keil_5.33\NXP\MIMXRT1064_DFP\15.0.0

<h2>Collection of Component Files used:</h2>
Build Time Elapsed:  00:00:06
</pre>
</body>
</html>
